Initialized native services in: /home/jules/.gradle/native
Initialized jansi services in: /home/jules/.gradle/native
The client will now receive all logging from the daemon (pid: 1777). The daemon log file: /home/jules/.gradle/daemon/8.13/daemon-1777.out.log
Starting 8th build in daemon [uptime: 15 mins 44.533 secs, performance: 99%, GC rate: 0.00/s, heap usage: 0% of 512 MiB, non-heap usage: 49% of 384 MiB]
Using 4 worker leases.
Not watching /app since the file system is not supported
Watching the file system is configured to be enabled if available
File system watching is active
Starting Build
Settings evaluated using settings file '/app/settings.gradle.kts'.
Projects loaded. Root project using build file '/app/build.gradle.kts'.
Included projects: [root project 'NextGenKeyboard', project ':app']

> Configure project :
Evaluating root project 'NextGenKeyboard' using build file '/app/build.gradle.kts'.
Resolved plugin [id: 'com.android.application', version: '8.13.0', apply: false]
Resolved plugin [id: 'com.android.library', version: '8.13.0', apply: false]
Resolved plugin [id: 'org.jetbrains.kotlin.android', version: '1.9.24', apply: false]
Resolved plugin [id: 'com.google.dagger.hilt.android', version: '2.52', apply: false]
Resolved plugin [id: 'com.google.devtools.ksp', version: '1.9.24-1.0.20', apply: false]
Resolved plugin [id: 'org.jetbrains.kotlin.plugin.serialization', version: '1.9.24', apply: false]
Resolved plugin [id: 'com.google.gms.google-services', version: '4.4.2', apply: false]
Resolved plugin [id: 'com.google.firebase.crashlytics', version: '3.0.2', apply: false]

> Configure project :app
Evaluating project ':app' using build file '/app/app/build.gradle.kts'.
Resolved plugin [id: 'com.android.application']
Resolved plugin [id: 'org.jetbrains.kotlin.android']
Resolved plugin [id: 'com.google.devtools.ksp']
Resolved plugin [id: 'kotlin-parcelize']
Resolved plugin [id: 'org.jetbrains.kotlin.plugin.serialization']
Resolved plugin [id: 'com.google.dagger.hilt.android']
Resolved plugin [id: 'com.google.gms.google-services']
Resolved plugin [id: 'com.google.firebase.crashlytics']
Using default execution profile
Using Kotlin Gradle Plugin gradle82 variant
All projects evaluated.
Task path ':app:checkDebugAarMetadata' matched project ':app'
Task name matched 'checkDebugAarMetadata'
Selected primary task 'checkDebugAarMetadata' from project :app
Tasks to be executed: [task ':app:preBuild', task ':app:preDebugBuild', task ':app:checkDebugAarMetadata']
Tasks that were excluded: []
Resolve mutations for :app:preBuild (Thread[#318,Execution worker,5,main]) started.
:app:preBuild (Thread[#319,Execution worker Thread 2,5,main]) started.

> Task :app:preBuild UP-TO-DATE
Skipping task ':app:preBuild' as it has no actions.
Resolve mutations for :app:preDebugBuild (Thread[#319,Execution worker Thread 2,5,main]) started.
:app:preDebugBuild (Thread[#319,Execution worker Thread 2,5,main]) started.

> Task :app:preDebugBuild UP-TO-DATE
Skipping task ':app:preDebugBuild' as it has no actions.
Resolve mutations for :app:checkDebugAarMetadata (Thread[#319,Execution worker Thread 2,5,main]) started.
:app:checkDebugAarMetadata (Thread[#319,Execution worker Thread 2,5,main]) started.

> Task :app:checkDebugAarMetadata FAILED

FAILURE: Build failed with an exception.

* What went wrong:
Execution failed for task ':app:checkDebugAarMetadata'.
> Configuration `:app:debugRuntimeClasspath` contains AndroidX dependencies, but the `android.useAndroidX` property is not enabled, which may cause runtime issues.
  Set `android.useAndroidX=true` in the `gradle.properties` file and retry.
  The following AndroidX dependencies are detected:
  :app:debugRuntimeClasspath -> androidx.compose.ui:ui-tooling:1.9.4
  :app:debugRuntimeClasspath -> androidx.compose:compose-bom:2025.10.01 -> androidx.compose.ui:ui-tooling-android:1.9.4
  :app:debugRuntimeClasspath -> androidx.activity:activity-compose:1.9.2
  :app:debugRuntimeClasspath -> androidx.hilt:hilt-navigation-compose:1.2.0 -> androidx.hilt:hilt-navigation:1.2.0 -> androidx.navigation:navigation-runtime:2.8.1 -> androidx.activity:activity-ktx:1.9.2
  :app:debugRuntimeClasspath -> com.giphy.sdk:ui:2.3.15 -> androidx.appcompat:appcompat:1.6.1 -> androidx.activity:activity:1.9.2
  :app:debugRuntimeClasspath -> com.google.firebase:firebase-bom:33.5.1 -> com.google.firebase:firebase-crashlytics:19.2.1 -> androidx.annotation:annotation:1.9.1
  :app:debugRuntimeClasspath -> com.google.firebase:firebase-bom:33.5.1 -> com.google.firebase:firebase-crashlytics:19.2.1 -> androidx.annotation:annotation:1.9.1 -> androidx.annotation:annotation-jvm:1.9.1
  :app:debugRuntimeClasspath -> com.giphy.sdk:ui:2.3.15 -> com.google.android.material:material:1.9.0 -> androidx.viewpager2:viewpager2:1.1.0-beta02 -> androidx.collection:collection:1.5.0
  :app:debugRuntimeClasspath -> com.giphy.sdk:ui:2.3.15 -> com.google.android.material:material:1.9.0 -> androidx.viewpager2:viewpager2:1.1.0-beta02 -> androidx.collection:collection:1.5.0 -> androidx.collection:collection-jvm:1.5.0
  :app:debugRuntimeClasspath -> androidx.hilt:hilt-navigation-compose:1.2.0 -> androidx.hilt:hilt-navigation:1.2.0 -> androidx.navigation:navigation-runtime:2.8.1 -> androidx.navigation:navigation-common:2.8.1 -> androidx.collection:collection-ktx:1.5.0
  :app:debugRuntimeClasspath -> androidx.hilt:hilt-work:1.2.0 -> androidx.work:work-runtime:2.9.1 -> androidx.core:core:1.15.0
  :app:debugRuntimeClasspath -> androidx.hilt:hilt-work:1.2.0 -> androidx.work:work-runtime:2.9.1 -> androidx.annotation:annotation-experimental:1.4.1
  :app:debugRuntimeClasspath -> com.google.ai.client.generativeai:generativeai:0.9.0 -> androidx.concurrent:concurrent-futures:1.2.0-alpha03
  :app:debugRuntimeClasspath -> com.google.ai.client.generativeai:generativeai:0.9.0 -> androidx.concurrent:concurrent-futures-ktx:1.2.0-alpha03
  :app:debugRuntimeClasspath -> com.giphy.sdk:ui:2.3.15 -> com.google.android.material:material:1.9.0 -> androidx.fragment:fragment:1.5.1
  :app:debugRuntimeClasspath -> androidx.core:core-ktx:1.15.0
  :app:debugRuntimeClasspath -> androidx.hilt:hilt-navigation-compose:1.2.0 -> androidx.hilt:hilt-navigation:1.2.0 -> androidx.navigation:navigation-runtime:2.8.1 -> androidx.navigation:navigation-common:2.8.1 -> androidx.lifecycle:lifecycle-viewmodel-savedstate:2.9.4 -> androidx.lifecycle:lifecycle-viewmodel-savedstate-android:2.9.4 -> androidx.lifecycle:lifecycle-livedata-core:2.9.4
  :app:debugRuntimeClasspath -> com.giphy.sdk:ui:2.3.15 -> com.google.android.material:material:1.9.0 -> androidx.lifecycle:lifecycle-runtime:2.9.4 -> androidx.lifecycle:lifecycle-runtime-android:2.9.4 -> androidx.arch.core:core-common:2.2.0
  :app:debugRuntimeClasspath -> androidx.room:room-runtime:2.6.1 -> androidx.arch.core:core-runtime:2.2.0
  :app:debugRuntimeClasspath -> androidx.hilt:hilt-navigation-compose:1.2.0 -> androidx.hilt:hilt-navigation:1.2.0 -> androidx.navigation:navigation-runtime:2.8.1 -> androidx.navigation:navigation-common:2.8.1 -> androidx.lifecycle:lifecycle-common:2.9.4
  :app:debugRuntimeClasspath -> androidx.hilt:hilt-navigation-compose:1.2.0 -> androidx.hilt:hilt-navigation:1.2.0 -> androidx.navigation:navigation-runtime:2.8.1 -> androidx.navigation:navigation-common:2.8.1 -> androidx.lifecycle:lifecycle-common:2.9.4 -> androidx.lifecycle:lifecycle-common-jvm:2.9.4
  :app:debugRuntimeClasspath -> androidx.compose:compose-bom:2025.10.01 -> androidx.compose.material3:material3-android:1.4.0 -> androidx.lifecycle:lifecycle-common-java8:2.9.4
  :app:debugRuntimeClasspath -> androidx.hilt:hilt-work:1.2.0 -> androidx.work:work-runtime:2.9.1 -> androidx.lifecycle:lifecycle-livedata:2.9.4
  :app:debugRuntimeClasspath -> androidx.hilt:hilt-navigation-compose:1.2.0 -> androidx.hilt:hilt-navigation:1.2.0 -> androidx.navigation:navigation-runtime:2.8.1 -> androidx.navigation:navigation-common:2.8.1 -> androidx.lifecycle:lifecycle-viewmodel-savedstate:2.9.4 -> androidx.lifecycle:lifecycle-viewmodel-savedstate-android:2.9.4 -> androidx.lifecycle:lifecycle-livedata-core-ktx:2.9.4
  :app:debugRuntimeClasspath -> com.giphy.sdk:ui:2.3.15 -> androidx.appcompat:appcompat:1.6.1 -> androidx.emoji2:emoji2:1.4.0 -> androidx.lifecycle:lifecycle-process:2.9.4
  :app:debugRuntimeClasspath -> com.giphy.sdk:ui:2.3.15 -> com.google.android.material:material:1.9.0 -> androidx.lifecycle:lifecycle-runtime:2.9.4
  :app:debugRuntimeClasspath -> com.giphy.sdk:ui:2.3.15 -> com.google.android.material:material:1.9.0 -> androidx.lifecycle:lifecycle-runtime:2.9.4 -> androidx.lifecycle:lifecycle-runtime-android:2.9.4
  :app:debugRuntimeClasspath -> com.giphy.sdk:ui:2.3.15 -> androidx.appcompat:appcompat:1.6.1 -> androidx.lifecycle:lifecycle-viewmodel:2.9.4 -> androidx.lifecycle:lifecycle-viewmodel-android:2.9.4 -> androidx.core:core-viewtree:1.0.0
  :app:debugRuntimeClasspath -> io.coil-kt:coil-gif:2.7.0 -> io.coil-kt:coil-base:2.7.0 -> androidx.profileinstaller:profileinstaller:1.4.0
  :app:debugRuntimeClasspath -> androidx.hilt:hilt-work:1.2.0 -> androidx.work:work-runtime:2.9.1 -> androidx.startup:startup-runtime:1.1.1
  :app:debugRuntimeClasspath -> com.giphy.sdk:ui:2.3.15 -> androidx.appcompat:appcompat:1.6.1 -> androidx.activity:activity:1.9.2 -> androidx.tracing:tracing:1.2.0
  :app:debugRuntimeClasspath -> androidx.compose:compose-bom:2025.10.01 -> androidx.compose.runtime:runtime-saveable-android:1.9.4 -> androidx.lifecycle:lifecycle-runtime-compose:2.9.4
  :app:debugRuntimeClasspath -> androidx.compose:compose-bom:2025.10.01 -> androidx.compose.runtime:runtime-saveable-android:1.9.4 -> androidx.lifecycle:lifecycle-runtime-compose:2.9.4 -> androidx.lifecycle:lifecycle-runtime-compose-android:2.9.4
  :app:debugRuntimeClasspath -> androidx.compose:compose-bom:2025.10.01 -> androidx.compose.runtime:runtime:1.9.4
  :app:debugRuntimeClasspath -> androidx.compose:compose-bom:2025.10.01 -> androidx.compose.runtime:runtime-android:1.9.4
  :app:debugRuntimeClasspath -> androidx.compose:compose-bom:2025.10.01 -> androidx.compose.runtime:runtime-annotation:1.9.4
  :app:debugRuntimeClasspath -> androidx.compose:compose-bom:2025.10.01 -> androidx.compose.runtime:runtime-annotation-android:1.9.4
  :app:debugRuntimeClasspath -> androidx.compose:compose-bom:2025.10.01 -> androidx.compose.runtime:runtime-saveable:1.9.4
  :app:debugRuntimeClasspath -> androidx.compose:compose-bom:2025.10.01 -> androidx.compose.runtime:runtime-saveable-android:1.9.4
  :app:debugRuntimeClasspath -> androidx.compose:compose-bom:2025.10.01 -> androidx.compose.runtime:runtime-saveable-android:1.9.4 -> androidx.savedstate:savedstate-compose:1.3.3
  :app:debugRuntimeClasspath -> androidx.compose:compose-bom:2025.10.01 -> androidx.compose.runtime:runtime-saveable-android:1.9.4 -> androidx.savedstate:savedstate-compose:1.3.3 -> androidx.savedstate:savedstate-compose-android:1.3.3
  :app:debugRuntimeClasspath -> com.giphy.sdk:ui:2.3.15 -> androidx.appcompat:appcompat:1.6.1 -> androidx.savedstate:savedstate:1.3.3
  :app:debugRuntimeClasspath -> com.giphy.sdk:ui:2.3.15 -> androidx.appcompat:appcompat:1.6.1 -> androidx.savedstate:savedstate:1.3.3 -> androidx.savedstate:savedstate-android:1.3.3
  :app:debugRuntimeClasspath -> androidx.hilt:hilt-navigation-compose:1.2.0 -> androidx.hilt:hilt-navigation:1.2.0 -> androidx.navigation:navigation-runtime:2.8.1 -> androidx.navigation:navigation-common:2.8.1 -> androidx.savedstate:savedstate-ktx:1.3.3
  :app:debugRuntimeClasspath -> androidx.lifecycle:lifecycle-runtime-ktx:2.9.4
  :app:debugRuntimeClasspath -> androidx.lifecycle:lifecycle-runtime-ktx:2.9.4 -> androidx.lifecycle:lifecycle-runtime-ktx-android:2.9.4
  :app:debugRuntimeClasspath -> androidx.hilt:hilt-work:1.2.0 -> androidx.work:work-runtime:2.9.1 -> androidx.lifecycle:lifecycle-service:2.9.4
  :app:debugRuntimeClasspath -> com.giphy.sdk:ui:2.3.15 -> androidx.appcompat:appcompat:1.6.1 -> androidx.lifecycle:lifecycle-viewmodel:2.9.4
  :app:debugRuntimeClasspath -> com.giphy.sdk:ui:2.3.15 -> androidx.appcompat:appcompat:1.6.1 -> androidx.lifecycle:lifecycle-viewmodel:2.9.4 -> androidx.lifecycle:lifecycle-viewmodel-android:2.9.4
  :app:debugRuntimeClasspath -> androidx.hilt:hilt-navigation-compose:1.2.0 -> androidx.lifecycle:lifecycle-viewmodel-compose:2.9.4
  :app:debugRuntimeClasspath -> androidx.hilt:hilt-navigation-compose:1.2.0 -> androidx.lifecycle:lifecycle-viewmodel-compose:2.9.4 -> androidx.lifecycle:lifecycle-viewmodel-compose-android:2.9.4
  :app:debugRuntimeClasspath -> androidx.compose.ui:ui:1.9.4
  :app:debugRuntimeClasspath -> androidx.compose:compose-bom:2025.10.01 -> androidx.compose.ui:ui-android:1.9.4
  :app:debugRuntimeClasspath -> androidx.compose:compose-bom:2025.10.01 -> androidx.compose.ui:ui-android:1.9.4 -> androidx.autofill:autofill:1.0.0
  :app:debugRuntimeClasspath -> androidx.compose:compose-bom:2025.10.01 -> androidx.compose.ui:ui-geometry:1.9.4
  :app:debugRuntimeClasspath -> androidx.compose:compose-bom:2025.10.01 -> androidx.compose.ui:ui-geometry-android:1.9.4
  :app:debugRuntimeClasspath -> androidx.compose:compose-bom:2025.10.01 -> androidx.compose.ui:ui-util:1.9.4
  :app:debugRuntimeClasspath -> androidx.compose:compose-bom:2025.10.01 -> androidx.compose.ui:ui-util-android:1.9.4
  :app:debugRuntimeClasspath -> androidx.compose.ui:ui-graphics:1.9.4
  :app:debugRuntimeClasspath -> androidx.compose:compose-bom:2025.10.01 -> androidx.compose.ui:ui-graphics-android:1.9.4
  :app:debugRuntimeClasspath -> androidx.compose:compose-bom:2025.10.01 -> androidx.compose.ui:ui-unit:1.9.4
  :app:debugRuntimeClasspath -> androidx.compose:compose-bom:2025.10.01 -> androidx.compose.ui:ui-unit-android:1.9.4
  :app:debugRuntimeClasspath -> androidx.compose.ui:ui-test-manifest:1.9.4
  :app:debugRuntimeClasspath -> androidx.compose.ui:ui-tooling-preview:1.9.4
  :app:debugRuntimeClasspath -> androidx.compose:compose-bom:2025.10.01 -> androidx.compose.ui:ui-tooling-preview-android:1.9.4
  :app:debugRuntimeClasspath -> androidx.compose:compose-bom:2025.10.01 -> androidx.compose.ui:ui-text:1.9.4
  :app:debugRuntimeClasspath -> androidx.compose:compose-bom:2025.10.01 -> androidx.compose.ui:ui-text-android:1.9.4
  :app:debugRuntimeClasspath -> com.giphy.sdk:ui:2.3.15 -> androidx.appcompat:appcompat:1.6.1 -> androidx.emoji2:emoji2:1.4.0
  :app:debugRuntimeClasspath -> com.giphy.sdk:ui:2.3.15 -> androidx.appcompat:appcompat:1.6.1 -> androidx.emoji2:emoji2-views-helper:1.4.0
  :app:debugRuntimeClasspath -> androidx.compose:compose-bom:2025.10.01 -> androidx.compose.ui:ui-tooling-data:1.9.4
  :app:debugRuntimeClasspath -> androidx.compose:compose-bom:2025.10.01 -> androidx.compose.ui:ui-tooling-data-android:1.9.4
  :app:debugRuntimeClasspath -> androidx.compose:compose-bom:2025.10.01 -> androidx.compose.ui:ui-graphics-android:1.9.4 -> androidx.graphics:graphics-path:1.0.1
  :app:debugRuntimeClasspath -> com.giphy.sdk:ui:2.3.15 -> androidx.recyclerview:recyclerview:1.3.2 -> androidx.customview:customview-poolingcontainer:1.0.0
  :app:debugRuntimeClasspath -> androidx.hilt:hilt-navigation-compose:1.2.0 -> androidx.hilt:hilt-navigation:1.2.0 -> androidx.navigation:navigation-runtime:2.8.1 -> androidx.navigation:navigation-common:2.8.1 -> androidx.lifecycle:lifecycle-viewmodel-ktx:2.9.4
  :app:debugRuntimeClasspath -> androidx.hilt:hilt-navigation-compose:1.2.0 -> androidx.hilt:hilt-navigation:1.2.0 -> androidx.navigation:navigation-runtime:2.8.1 -> androidx.navigation:navigation-common:2.8.1 -> androidx.lifecycle:lifecycle-viewmodel-savedstate:2.9.4
  :app:debugRuntimeClasspath -> androidx.hilt:hilt-navigation-compose:1.2.0 -> androidx.hilt:hilt-navigation:1.2.0 -> androidx.navigation:navigation-runtime:2.8.1 -> androidx.navigation:navigation-common:2.8.1 -> androidx.lifecycle:lifecycle-viewmodel-savedstate:2.9.4 -> androidx.lifecycle:lifecycle-viewmodel-savedstate-android:2.9.4
  :app:debugRuntimeClasspath -> io.coil-kt:coil-compose:2.7.0 -> io.coil-kt:coil-compose-base:2.7.0 -> androidx.compose.foundation:foundation:1.9.4
  :app:debugRuntimeClasspath -> androidx.compose:compose-bom:2025.10.01 -> androidx.compose.foundation:foundation-android:1.9.4
  :app:debugRuntimeClasspath -> androidx.compose:compose-bom:2025.10.01 -> androidx.compose.animation:animation:1.9.4
  :app:debugRuntimeClasspath -> androidx.compose:compose-bom:2025.10.01 -> androidx.compose.animation:animation-android:1.9.4
  :app:debugRuntimeClasspath -> androidx.compose:compose-bom:2025.10.01 -> androidx.compose.animation:animation-core:1.9.4
  :app:debugRuntimeClasspath -> androidx.compose:compose-bom:2025.10.01 -> androidx.compose.animation:animation-core-android:1.9.4
  :app:debugRuntimeClasspath -> androidx.compose:compose-bom:2025.10.01 -> androidx.compose.foundation:foundation-layout:1.9.4
  :app:debugRuntimeClasspath -> androidx.compose:compose-bom:2025.10.01 -> androidx.compose.foundation:foundation-layout-android:1.9.4
  :app:debugRuntimeClasspath -> com.google.firebase:firebase-bom:33.5.1 -> com.google.firebase:firebase-analytics:22.1.2 -> com.google.android.gms:play-services-measurement:22.1.2 -> androidx.legacy:legacy-support-core-utils:1.0.0 -> androidx.loader:loader:1.0.0
  :app:debugRuntimeClasspath -> com.giphy.sdk:ui:2.3.15 -> com.google.android.material:material:1.9.0 -> androidx.fragment:fragment:1.5.1 -> androidx.viewpager:viewpager:1.0.0
  :app:debugRuntimeClasspath -> com.giphy.sdk:ui:2.3.15 -> androidx.recyclerview:recyclerview:1.3.2 -> androidx.customview:customview:1.1.0
  :app:debugRuntimeClasspath -> io.coil-kt:coil-gif:2.7.0 -> androidx.vectordrawable:vectordrawable-animated:1.1.0 -> androidx.interpolator:interpolator:1.0.0
  :app:debugRuntimeClasspath -> androidx.hilt:hilt-work:1.2.0 -> androidx.work:work-runtime:2.9.1 -> androidx.core:core:1.15.0 -> androidx.versionedparcelable:versionedparcelable:1.1.1
  :app:debugRuntimeClasspath -> androidx.compose:compose-bom:2025.10.01 -> androidx.compose.material:material:1.9.4
  :app:debugRuntimeClasspath -> androidx.compose:compose-bom:2025.10.01 -> androidx.compose.material:material-android:1.9.4
  :app:debugRuntimeClasspath -> androidx.compose:compose-bom:2025.10.01 -> androidx.compose.material:material-ripple:1.9.4
  :app:debugRuntimeClasspath -> androidx.compose:compose-bom:2025.10.01 -> androidx.compose.material:material-ripple-android:1.9.4
  :app:debugRuntimeClasspath -> androidx.compose:compose-bom:2025.10.01
  :app:debugRuntimeClasspath -> androidx.compose.material:material-icons-extended:1.7.8
  :app:debugRuntimeClasspath -> androidx.compose:compose-bom:2025.10.01 -> androidx.compose.material:material-icons-extended-android:1.7.8
  :app:debugRuntimeClasspath -> androidx.compose:compose-bom:2025.10.01 -> androidx.compose.material:material-icons-core:1.7.8
  :app:debugRuntimeClasspath -> androidx.compose:compose-bom:2025.10.01 -> androidx.compose.material:material-icons-core-android:1.7.8
  :app:debugRuntimeClasspath -> androidx.compose.material3:material3:1.4.0
  :app:debugRuntimeClasspath -> androidx.compose:compose-bom:2025.10.01 -> androidx.compose.material3:material3-android:1.4.0
  :app:debugRuntimeClasspath -> androidx.navigation:navigation-compose:2.8.1
  :app:debugRuntimeClasspath -> androidx.hilt:hilt-navigation-compose:1.2.0 -> androidx.hilt:hilt-navigation:1.2.0 -> androidx.navigation:navigation-runtime:2.8.1 -> androidx.navigation:navigation-common:2.8.1 -> androidx.navigation:navigation-runtime-ktx:2.8.1
  :app:debugRuntimeClasspath -> androidx.hilt:hilt-navigation-compose:1.2.0 -> androidx.hilt:hilt-navigation:1.2.0 -> androidx.navigation:navigation-runtime:2.8.1 -> androidx.navigation:navigation-common:2.8.1 -> androidx.navigation:navigation-common-ktx:2.8.1
  :app:debugRuntimeClasspath -> androidx.hilt:hilt-navigation-compose:1.2.0 -> androidx.hilt:hilt-navigation:1.2.0 -> androidx.navigation:navigation-runtime:2.8.1 -> androidx.navigation:navigation-common:2.8.1
  :app:debugRuntimeClasspath -> androidx.hilt:hilt-navigation-compose:1.2.0 -> androidx.hilt:hilt-navigation:1.2.0 -> androidx.navigation:navigation-runtime:2.8.1
  :app:debugRuntimeClasspath -> androidx.hilt:hilt-navigation-compose:1.2.0
  :app:debugRuntimeClasspath -> androidx.hilt:hilt-navigation-compose:1.2.0 -> androidx.hilt:hilt-navigation:1.2.0
  :app:debugRuntimeClasspath -> androidx.hilt:hilt-work:1.2.0
  :app:debugRuntimeClasspath -> androidx.hilt:hilt-work:1.2.0 -> androidx.hilt:hilt-common:1.2.0
  :app:debugRuntimeClasspath -> androidx.hilt:hilt-work:1.2.0 -> androidx.work:work-runtime:2.9.1
  :app:debugRuntimeClasspath -> androidx.room:room-ktx:2.6.1
  :app:debugRuntimeClasspath -> androidx.room:room-runtime:2.6.1 -> androidx.room:room-common:2.6.1
  :app:debugRuntimeClasspath -> androidx.room:room-runtime:2.6.1
  :app:debugRuntimeClasspath -> androidx.room:room-runtime:2.6.1 -> androidx.sqlite:sqlite:2.4.0
  :app:debugRuntimeClasspath -> androidx.hilt:hilt-work:1.2.0 -> androidx.work:work-runtime:2.9.1 -> androidx.sqlite:sqlite-framework:2.4.0
  :app:debugRuntimeClasspath -> androidx.work:work-runtime-ktx:2.9.1
  :app:debugRuntimeClasspath -> androidx.datastore:datastore-preferences:1.1.1
  :app:debugRuntimeClasspath -> androidx.datastore:datastore-preferences:1.1.1 -> androidx.datastore:datastore-preferences-android:1.1.1
  :app:debugRuntimeClasspath -> androidx.datastore:datastore-preferences:1.1.1 -> androidx.datastore:datastore-preferences-android:1.1.1 -> androidx.datastore:datastore-preferences-core:1.1.1 -> androidx.datastore:datastore-preferences-core-jvm:1.1.1 -> androidx.datastore:datastore-core-okio:1.1.1 -> androidx.datastore:datastore-core-okio-jvm:1.1.1 -> androidx.datastore:datastore:1.1.1
  :app:debugRuntimeClasspath -> androidx.datastore:datastore-preferences:1.1.1 -> androidx.datastore:datastore-preferences-android:1.1.1 -> androidx.datastore:datastore-preferences-core:1.1.1 -> androidx.datastore:datastore-preferences-core-jvm:1.1.1 -> androidx.datastore:datastore-core-okio:1.1.1 -> androidx.datastore:datastore-core-okio-jvm:1.1.1 -> androidx.datastore:datastore:1.1.1 -> androidx.datastore:datastore-android:1.1.1
  :app:debugRuntimeClasspath -> androidx.datastore:datastore-preferences:1.1.1 -> androidx.datastore:datastore-preferences-android:1.1.1 -> androidx.datastore:datastore-preferences-core:1.1.1 -> androidx.datastore:datastore-preferences-core-jvm:1.1.1 -> androidx.datastore:datastore-core-okio:1.1.1 -> androidx.datastore:datastore-core-okio-jvm:1.1.1 -> androidx.datastore:datastore-core:1.1.1
  :app:debugRuntimeClasspath -> androidx.datastore:datastore-preferences:1.1.1 -> androidx.datastore:datastore-preferences-android:1.1.1 -> androidx.datastore:datastore-preferences-core:1.1.1 -> androidx.datastore:datastore-preferences-core-jvm:1.1.1 -> androidx.datastore:datastore-core-okio:1.1.1 -> androidx.datastore:datastore-core-okio-jvm:1.1.1 -> androidx.datastore:datastore-core:1.1.1 -> androidx.datastore:datastore-core-android:1.1.1
  :app:debugRuntimeClasspath -> androidx.datastore:datastore-preferences:1.1.1 -> androidx.datastore:datastore-preferences-android:1.1.1 -> androidx.datastore:datastore-preferences-core:1.1.1 -> androidx.datastore:datastore-preferences-core-jvm:1.1.1 -> androidx.datastore:datastore-core-okio:1.1.1
  :app:debugRuntimeClasspath -> androidx.datastore:datastore-preferences:1.1.1 -> androidx.datastore:datastore-preferences-android:1.1.1 -> androidx.datastore:datastore-preferences-core:1.1.1 -> androidx.datastore:datastore-preferences-core-jvm:1.1.1 -> androidx.datastore:datastore-core-okio:1.1.1 -> androidx.datastore:datastore-core-okio-jvm:1.1.1
  :app:debugRuntimeClasspath -> androidx.datastore:datastore-preferences:1.1.1 -> androidx.datastore:datastore-preferences-android:1.1.1 -> androidx.datastore:datastore-core-okio:1.1.1 -> androidx.datastore:datastore-core-okio-jvm:1.1.1 -> androidx.datastore:datastore-preferences-core:1.1.1
  :app:debugRuntimeClasspath -> androidx.datastore:datastore-preferences:1.1.1 -> androidx.datastore:datastore-preferences-android:1.1.1 -> androidx.datastore:datastore-core-okio:1.1.1 -> androidx.datastore:datastore-core-okio-jvm:1.1.1 -> androidx.datastore:datastore-preferences-core:1.1.1 -> androidx.datastore:datastore-preferences-core-jvm:1.1.1
  :app:debugRuntimeClasspath -> io.coil-kt:coil-gif:2.7.0 -> io.coil-kt:coil-base:2.7.0 -> androidx.appcompat:appcompat-resources:1.6.1
  :app:debugRuntimeClasspath -> com.giphy.sdk:ui:2.3.15 -> com.google.android.material:material:1.9.0 -> androidx.vectordrawable:vectordrawable:1.1.0
  :app:debugRuntimeClasspath -> io.coil-kt:coil-gif:2.7.0 -> androidx.vectordrawable:vectordrawable-animated:1.1.0
  :app:debugRuntimeClasspath -> com.giphy.sdk:ui:2.3.15 -> androidx.appcompat:appcompat:1.6.1
  :app:debugRuntimeClasspath -> com.giphy.sdk:ui:2.3.15 -> androidx.appcompat:appcompat:1.6.1 -> androidx.cursoradapter:cursoradapter:1.0.0
  :app:debugRuntimeClasspath -> com.giphy.sdk:ui:2.3.15 -> com.google.android.material:material:1.9.0 -> androidx.drawerlayout:drawerlayout:1.1.1
  :app:debugRuntimeClasspath -> com.giphy.sdk:ui:2.3.15 -> androidx.appcompat:appcompat:1.6.1 -> androidx.resourceinspection:resourceinspection-annotation:1.0.1
  :app:debugRuntimeClasspath -> io.coil-kt:coil-gif:2.7.0 -> io.coil-kt:coil-base:2.7.0 -> androidx.exifinterface:exifinterface:1.3.7
  :app:debugRuntimeClasspath -> com.giphy.sdk:ui:2.3.15 -> androidx.recyclerview:recyclerview:1.3.2
  :app:debugRuntimeClasspath -> com.giphy.sdk:ui:2.3.15 -> com.google.android.material:material:1.9.0 -> androidx.viewpager2:viewpager2:1.1.0-beta02
  :app:debugRuntimeClasspath -> com.giphy.sdk:ui:2.3.15 -> androidx.constraintlayout:constraintlayout:2.1.4
  :app:debugRuntimeClasspath -> com.giphy.sdk:ui:2.3.15 -> androidx.constraintlayout:constraintlayout:2.1.4 -> androidx.constraintlayout:constraintlayout-core:1.0.4
  :app:debugRuntimeClasspath -> com.giphy.sdk:ui:2.3.15 -> androidx.coordinatorlayout:coordinatorlayout:1.2.0
  :app:debugRuntimeClasspath -> com.giphy.sdk:ui:2.3.15 -> com.google.android.material:material:1.9.0
  :app:debugRuntimeClasspath -> com.giphy.sdk:ui:2.3.15 -> com.google.android.material:material:1.9.0 -> androidx.cardview:cardview:1.0.0
  :app:debugRuntimeClasspath -> com.giphy.sdk:ui:2.3.15 -> com.google.android.material:material:1.9.0 -> androidx.dynamicanimation:dynamicanimation:1.0.0
  :app:debugRuntimeClasspath -> com.google.firebase:firebase-bom:33.5.1 -> com.google.firebase:firebase-analytics:22.1.2 -> com.google.android.gms:play-services-measurement:22.1.2 -> androidx.legacy:legacy-support-core-utils:1.0.0
  :app:debugRuntimeClasspath -> com.google.firebase:firebase-bom:33.5.1 -> com.google.firebase:firebase-analytics:22.1.2 -> com.google.android.gms:play-services-measurement:22.1.2 -> androidx.legacy:legacy-support-core-utils:1.0.0 -> androidx.documentfile:documentfile:1.0.0
  :app:debugRuntimeClasspath -> com.google.firebase:firebase-bom:33.5.1 -> com.google.firebase:firebase-analytics:22.1.2 -> com.google.android.gms:play-services-measurement:22.1.2 -> androidx.legacy:legacy-support-core-utils:1.0.0 -> androidx.localbroadcastmanager:localbroadcastmanager:1.0.0
  :app:debugRuntimeClasspath -> com.google.firebase:firebase-bom:33.5.1 -> com.google.firebase:firebase-analytics:22.1.2 -> com.google.android.gms:play-services-measurement:22.1.2 -> androidx.legacy:legacy-support-core-utils:1.0.0 -> androidx.print:print:1.0.0
  :app:debugRuntimeClasspath -> com.giphy.sdk:ui:2.3.15 -> com.google.android.material:material:1.9.0 -> androidx.transition:transition:1.2.0
  :app:debugRuntimeClasspath -> com.giphy.sdk:ui:2.3.15 -> androidx.databinding:viewbinding:8.0.2
  :app:debugRuntimeClasspath -> com.google.firebase:firebase-bom:33.5.1 -> com.google.firebase:firebase-analytics:22.1.2 -> com.google.android.gms:play-services-measurement:22.1.2 -> com.google.android.gms:play-services-measurement-impl:22.1.2 -> androidx.privacysandbox.ads:ads-adservices:1.0.0-beta05
  :app:debugRuntimeClasspath -> com.google.firebase:firebase-bom:33.5.1 -> com.google.firebase:firebase-analytics:22.1.2 -> com.google.android.gms:play-services-measurement:22.1.2 -> com.google.android.gms:play-services-measurement-impl:22.1.2 -> androidx.privacysandbox.ads:ads-adservices-java:1.0.0-beta05
  :app:debugRuntimeClasspath -> androidx.security:security-crypto:1.1.0-alpha06

* Try:
> Run with --stacktrace option to get the stack trace.
> Run with --debug option to get more log output.
> Run with --scan to get full insights.
> Get more help at https://help.gradle.org.

BUILD FAILED in 1s
1 actionable task: 1 executed
Some of the file system contents retained in the virtual file system are on file systems that Gradle doesn't support watching. The relevant state was discarded to ensure changes to these locations are properly detected. You can override this by explicitly enabling file system watching.
